// Jest Snapshot v1, https://goo.gl/fbAQLP

exports[`adv-alluvial-chart.vue mounts component and sets prop values 1`] = `
<div
  class="adv-chart-container adv-chart-container--minimum"
  data-j-adv-chart=""
  data-j-alluvial-chart=""
  data-j-chart-container=""
>
  <div
    class="adv-chart__header"
  >
    <!---->
     
    <div
      class="adv-chart__controls"
    />
     
    <!---->
     
    <!---->
  </div>
   
  <svg
    class="adv-chart-container__svg"
    data-j-chart-container__root=""
    height="0"
  >
    <g
      class="adv-chart-container__group"
      data-j-chart-container__group=""
      transform="translate(0, 0)"
    >
       
      <!---->
       
      <!---->
       
      <g
        class="adv-alluvial-group"
        containerSize="[object Object]"
        data-j-alluvial-group=""
        hoveredIndex="-1"
        transition="true"
      >
         
        <g
          class="adv-alluvial-path-group"
          data-j-alluvial-group__ghost-path=""
        />
         
        <g
          class="adv-alluvial-path-group"
          data-j-alluvial-group__path=""
        />
      </g>
       
      <!---->
       
      <!---->
    </g>
  </svg>
   
  <!---->
   
  <!---->
   
</div>
`;

exports[`adv-alluvial-chart.vue mounts component and sets prop values using random data 1`] = `
<div
  class="adv-chart-container adv-chart-container--minimum"
  data-j-adv-chart=""
  data-j-alluvial-chart=""
  data-j-chart-container=""
>
  <div
    class="adv-chart__header"
  >
    <!---->
     
    <div
      class="adv-chart__controls"
    />
     
    <!---->
     
    <!---->
  </div>
   
  <svg
    class="adv-chart-container__svg"
    data-j-chart-container__root=""
    height="0"
  >
    <g
      class="adv-chart-container__group"
      data-j-chart-container__group=""
      transform="translate(0, 0)"
    >
       
      <!---->
       
      <!---->
       
      <g
        class="adv-alluvial-group"
        containerSize="[object Object]"
        data-j-alluvial-group=""
        hoveredIndex="-1"
        transition="true"
      >
         
        <g
          class="adv-alluvial-path-group"
          data-j-alluvial-group__ghost-path=""
        />
         
        <g
          class="adv-alluvial-path-group"
          data-j-alluvial-group__path=""
        />
      </g>
       
      <!---->
       
      <!---->
    </g>
  </svg>
   
  <!---->
   
  <!---->
   
</div>
`;

exports[`adv-alluvial-chart.vue should be able to handle an dataset with a single node 1`] = `
<div
  class="adv-chart-container adv-chart-container--minimum"
  data-j-adv-chart=""
  data-j-alluvial-chart=""
  data-j-chart-container=""
>
  <div
    class="adv-chart__header"
  >
    <!---->
     
    <div
      class="adv-chart__controls"
    />
     
    <!---->
     
    <!---->
  </div>
   
  <svg
    class="adv-chart-container__svg"
    data-j-chart-container__root=""
    height="0"
  >
    <g
      class="adv-chart-container__group"
      data-j-chart-container__group=""
      transform="translate(0, 0)"
    >
       
      <!---->
       
      <!---->
       
      <g
        class="adv-alluvial-group"
        containerSize="[object Object]"
        data-j-alluvial-group=""
        hoveredIndex="-1"
        transition="true"
      >
         
        <g
          class="adv-alluvial-path-group"
          data-j-alluvial-group__ghost-path=""
        />
         
        <g
          class="adv-alluvial-path-group"
          data-j-alluvial-group__path=""
        />
      </g>
       
      <!---->
       
      <!---->
    </g>
  </svg>
   
  <!---->
   
  <!---->
   
</div>
`;

exports[`adv-alluvial-chart.vue should be able to handle an dataset with only nodes but no edges 1`] = `
<div
  class="adv-chart-container adv-chart-container--minimum"
  data-j-adv-chart=""
  data-j-alluvial-chart=""
  data-j-chart-container=""
>
  <div
    class="adv-chart__header"
  >
    <!---->
     
    <div
      class="adv-chart__controls"
    />
     
    <!---->
     
    <!---->
  </div>
   
  <svg
    class="adv-chart-container__svg"
    data-j-chart-container__root=""
    height="0"
  >
    <g
      class="adv-chart-container__group"
      data-j-chart-container__group=""
      transform="translate(0, 0)"
    >
       
      <!---->
       
      <!---->
       
      <g
        class="adv-alluvial-group"
        containerSize="[object Object]"
        data-j-alluvial-group=""
        hoveredIndex="-1"
        transition="true"
      >
         
        <g
          class="adv-alluvial-path-group"
          data-j-alluvial-group__ghost-path=""
        />
         
        <g
          class="adv-alluvial-path-group"
          data-j-alluvial-group__path=""
        />
      </g>
       
      <!---->
       
      <!---->
    </g>
  </svg>
   
  <!---->
   
  <!---->
   
</div>
`;
