// Jest Snapshot v1, https://goo.gl/fbAQLP

exports[` 1`] = `
<div
  class="adv-chart-container"
  data-j-adv-chart=""
  data-j-chart-container=""
  data-j-stacked-bar-chart=""
>
  <div
    class="adv-chart__header"
  >
    <!---->
     
    <div
      class="adv-chart__controls"
    />
     
    <!---->
     
    <div
      class="adv-chart-legend adv-chart__legend"
      data-j-chart-legend=""
    >
      <div
        class="adv-chart-legend__item"
        tabindex="0"
      >
        <span
          class="adv-chart-legend__circle adv-background-color--01"
          data-j-chart-legend__circle=""
        />
        
    
  
      </div>
    </div>
  </div>
   
  <svg
    class="adv-chart-container__svg"
    data-j-chart-container__root=""
    height="28"
    width="0"
  >
    <g
      class="adv-chart-container__group"
      data-j-chart-container__group=""
      transform="translate(24, 16)"
    >
       
      <!---->
       
      <g
        class="axis"
        data-j-adv-chart__x-axis=""
        data-j-axis=""
        transform="translate(0, 0)"
      >
        <g
          class="axis__tick"
          data-j-axis__tick=""
          transform="translate(0, 0)"
        >
          <g
            class="axis__tick-label"
            data-j-axis__tick-label=""
            pointer-events="all"
          >
            <rect
              class="axis__ghost"
              height="28"
              width="0"
            />
             
            <text
              class="axis__label"
              dy="0.8em"
              text-anchor="middle"
              x="0"
              y="8"
            >
              
        Monday
      
            </text>
          </g>
           
          <!---->
        </g>
        <g
          class="axis__tick"
          data-j-axis__tick=""
          transform="translate(0, 0)"
        >
          <g
            class="axis__tick-label"
            data-j-axis__tick-label=""
            pointer-events="all"
          >
            <rect
              class="axis__ghost"
              height="28"
              width="0"
            />
             
            <text
              class="axis__label"
              dy="0.8em"
              text-anchor="middle"
              x="0"
              y="8"
            >
              
        Tuesday
      
            </text>
          </g>
           
          <!---->
        </g>
        <g
          class="axis__tick"
          data-j-axis__tick=""
          transform="translate(0, 0)"
        >
          <g
            class="axis__tick-label"
            data-j-axis__tick-label=""
            pointer-events="all"
          >
            <rect
              class="axis__ghost"
              height="28"
              width="0"
            />
             
            <text
              class="axis__label"
              dy="0.8em"
              text-anchor="middle"
              x="0"
              y="8"
            >
              
        Wednesday
      
            </text>
          </g>
           
          <!---->
        </g>
        <g
          class="axis__tick"
          data-j-axis__tick=""
          transform="translate(0, 0)"
        >
          <g
            class="axis__tick-label"
            data-j-axis__tick-label=""
            pointer-events="all"
          >
            <rect
              class="axis__ghost"
              height="28"
              width="0"
            />
             
            <text
              class="axis__label"
              dy="0.8em"
              text-anchor="middle"
              x="0"
              y="8"
            >
              
        Thursday
      
            </text>
          </g>
           
          <!---->
        </g>
        <g
          class="axis__tick"
          data-j-axis__tick=""
          transform="translate(0, 0)"
        >
          <g
            class="axis__tick-label"
            data-j-axis__tick-label=""
            pointer-events="all"
          >
            <rect
              class="axis__ghost"
              height="28"
              width="0"
            />
             
            <text
              class="axis__label"
              dy="0.8em"
              text-anchor="middle"
              x="0"
              y="8"
            >
              
        Friday
      
            </text>
          </g>
           
          <!---->
        </g>
        <g
          class="axis__tick"
          data-j-axis__tick=""
          transform="translate(0, 0)"
        >
          <g
            class="axis__tick-label"
            data-j-axis__tick-label=""
            pointer-events="all"
          >
            <rect
              class="axis__ghost"
              height="28"
              width="0"
            />
             
            <text
              class="axis__label"
              dy="0.8em"
              text-anchor="middle"
              x="0"
              y="8"
            >
              
        Saturday
      
            </text>
          </g>
           
          <!---->
        </g>
        <g
          class="axis__tick"
          data-j-axis__tick=""
          transform="translate(0, 0)"
        >
          <g
            class="axis__tick-label"
            data-j-axis__tick-label=""
            pointer-events="all"
          >
            <rect
              class="axis__ghost"
              height="28"
              width="0"
            />
             
            <text
              class="axis__label"
              dy="0.8em"
              text-anchor="middle"
              x="0"
              y="8"
            >
              
        Sunday
      
            </text>
          </g>
           
          <!---->
        </g>
      </g>
       
      <g
        class="axis"
        data-j-adv-chart__y-axis=""
        data-j-axis=""
        transform="translate(0, 0)"
      />
       
      <g
        class="adv-bar-group"
        containerSize="[object Object]"
        data-j-bars-group=""
        labels="Monday,Tuesday,Wednesday,Thursday,Friday,Saturday,Sunday"
      />
       
      <g
        class="adv-overlay-group"
        data-j-adv-chart__overlay-group=""
      />
       
      <g />
    </g>
  </svg>
    
</div>
`;
