// Jest Snapshot v1, https://goo.gl/fbAQLP

exports[`adv-sparkline.vue mounts component and sets custom area color 1`] = `
<div
  class="adv-chart-container"
  data-j-adv-chart=""
  data-j-chart-container=""
  xscale="function scale(d) {
    var key = d + \\"\\", i = index.get(key);
    if (!i) {
      if (unknown !== implicit) return unknown;
      index.set(key, i = domain.push(d));
    }
    return range[(i - 1) % range.length];
  }"
>
  <div
    class="adv-chart__header"
  >
    <!---->
     
    <div
      class="adv-chart__controls"
    />
     
    <!---->
     
    <!---->
  </div>
   
  <svg
    class="adv-chart-container__svg"
    data-j-chart-container__root=""
    height="0"
  >
    <g
      class="adv-chart-container__group"
      data-j-chart-container__group=""
      transform="translate(0, 0)"
    />
  </svg>
   
  <!---->
   
  <!---->
   
</div>
`;

exports[`adv-sparkline.vue mounts component and sets prop values 1`] = `
<div
  class="adv-chart-container"
  data-j-adv-chart=""
  data-j-chart-container=""
  xscale="function scale(d) {
    var key = d + \\"\\", i = index.get(key);
    if (!i) {
      if (unknown !== implicit) return unknown;
      index.set(key, i = domain.push(d));
    }
    return range[(i - 1) % range.length];
  }"
>
  <div
    class="adv-chart__header"
  >
    <!---->
     
    <div
      class="adv-chart__controls"
    />
     
    <!---->
     
    <!---->
  </div>
   
  <svg
    class="adv-chart-container__svg"
    data-j-chart-container__root=""
    height="0"
  >
    <g
      class="adv-chart-container__group"
      data-j-chart-container__group=""
      transform="translate(0, 0)"
    />
  </svg>
   
  <!---->
   
  <!---->
   
</div>
`;
